2026-09-21 05:08:28.218: [INFO] CurrentProfilePath: D:\JSD\springboot\.metadata\.plugins\org.eclipse.swt\EBWebView\Default
2026-09-21 05:08:28.218: [INFO] Profiles total count: 1
2026-09-21 05:08:28.218: [INFO] Profile: name=Profile 1 path=D:\JSD\springboot\.metadata\.plugins\org.eclipse.swt\EBWebView\Default lastActive=null
2026-09-21 05:08:28.218: [INFO] LastUsedProfileDir: D:\JSD\springboot\.metadata\.plugins\org.eclipse.swt\EBWebView\Default
2026-09-21 05:08:28.218: [INFO] OnDoneLoading sync enabled: 0
2026-09-21 05:08:28.218: [INFO] BookmarkModelLoaded, ids_reassigned: 0
2026-09-21 05:08:28.218: [INFO] BookmarksLoadDropped droppedNodes=0
2026-09-21 05:08:28.218: [INFO] BookmarksSnapshot Startup total=0 bar=0 other=0 mobile=0 showBar=0 showBarNTP=1
2026-09-21 05:08:40.139: [INFO] BookmarksSnapshot Shutdown total=0 bar=0 other=0 mobile=0 showBar=0 showBarNTP=1
2026-09-21 05:08:40.782: [INFO] CurrentProfilePath: D:\JSD\springboot\.metadata\.plugins\org.eclipse.swt\EBWebView\Default
2026-09-21 05:08:40.782: [INFO] Profiles total count: 1
2026-09-21 05:08:40.782: [INFO] Profile: name=Profile 1 path=D:\JSD\springboot\.metadata\.plugins\org.eclipse.swt\EBWebView\Default lastActive=2026-09-21T05:08:38.251Z
2026-09-21 05:08:40.782: [INFO] LastUsedProfileDir: D:\JSD\springboot\.metadata\.plugins\org.eclipse.swt\EBWebView\Default
2026-09-21 05:08:40.782: [INFO] MostRecentlyActiveProfile: name=Profile 1 path=D:\JSD\springboot\.metadata\.plugins\org.eclipse.swt\EBWebView\Default lastActive=2026-09-21T05:08:38.251Z
2026-09-21 05:08:40.782: [INFO] OnDoneLoading sync enabled: 0
2026-09-21 05:08:40.782: [INFO] BookmarkModelLoaded, ids_reassigned: 0
2026-09-21 05:08:40.782: [INFO] BookmarksLoadDropped droppedNodes=0
2026-09-21 05:08:40.782: [INFO] BookmarksSnapshot Startup total=0 bar=0 other=0 mobile=0 showBar=0 showBarNTP=1
2026-09-21 08:27:51.184: [INFO] BookmarksSnapshot Shutdown total=0 bar=0 other=0 mobile=0 showBar=0 showBarNTP=1
2026-09-24 05:18:26.787: [INFO] CurrentProfilePath: D:\JSD\springboot\.metadata\.plugins\org.eclipse.swt\EBWebView\Default
2026-09-24 05:18:26.788: [INFO] Profiles total count: 1
2026-09-24 05:18:26.788: [INFO] Profile: name=Profile 1 path=D:\JSD\springboot\.metadata\.plugins\org.eclipse.swt\EBWebView\Default lastActive=2026-09-21T05:08:38.251Z
2026-09-24 05:18:26.788: [INFO] LastUsedProfileDir: D:\JSD\springboot\.metadata\.plugins\org.eclipse.swt\EBWebView\Default
2026-09-24 05:18:26.788: [INFO] MostRecentlyActiveProfile: name=Profile 1 path=D:\JSD\springboot\.metadata\.plugins\org.eclipse.swt\EBWebView\Default lastActive=2026-09-21T05:08:38.251Z
2026-09-24 05:18:26.788: [INFO] OnDoneLoading sync enabled: 0
2026-09-24 05:18:26.788: [INFO] BookmarkModelLoaded, ids_reassigned: 0
2026-09-24 05:18:26.788: [INFO] BookmarksLoadDropped droppedNodes=0
2026-09-24 05:18:26.788: [INFO] BookmarksSnapshot Startup total=0 bar=0 other=0 mobile=0 showBar=0 showBarNTP=1
2026-09-24 11:20:34.188: [INFO] BookmarksSnapshot Shutdown total=0 bar=0 other=0 mobile=0 showBar=0 showBarNTP=1
2026-09-25 09:12:52.500: [INFO] CurrentProfilePath: D:\JSD\springboot\.metadata\.plugins\org.eclipse.swt\EBWebView\Default
2026-09-25 09:12:52.500: [INFO] Profiles total count: 1
2026-09-25 09:12:52.500: [INFO] Profile: name=Profile 1 path=D:\JSD\springboot\.metadata\.plugins\org.eclipse.swt\EBWebView\Default lastActive=2026-09-24T05:18:45.930Z
2026-09-25 09:12:52.500: [INFO] LastUsedProfileDir: D:\JSD\springboot\.metadata\.plugins\org.eclipse.swt\EBWebView\Default
2026-09-25 09:12:52.500: [INFO] MostRecentlyActiveProfile: name=Profile 1 path=D:\JSD\springboot\.metadata\.plugins\org.eclipse.swt\EBWebView\Default lastActive=2026-09-24T05:18:45.930Z
2026-09-25 09:12:52.500: [INFO] OnDoneLoading sync enabled: 0
2026-09-25 09:12:52.500: [INFO] BookmarkModelLoaded, ids_reassigned: 0
2026-09-25 09:12:52.500: [INFO] BookmarksLoadDropped droppedNodes=0
2026-09-25 09:12:52.500: [INFO] BookmarksSnapshot Startup total=0 bar=0 other=0 mobile=0 showBar=0 showBarNTP=1
2026-09-25 11:29:29.589: [INFO] BookmarksSnapshot Shutdown total=0 bar=0 other=0 mobile=0 showBar=0 showBarNTP=1
